// Jest Snapshot v1, https://goo.gl/fbAQLP

exports[`Header component renders correctly 1`] = `
<h1>
  Быки и Коровы
</h1>
`;
